// Jest Snapshot v1, https://goo.gl/fbAQLP

exports[`Landing test should match snapshot 1`] = `
<div>
  <div
    class="MuiContainer-root MuiContainer-maxWidthLg"
  >
    <div
      class="MuiGrid-root makeStyles-container-1 MuiGrid-container"
    >
      <div
        class="MuiGrid-root MuiGrid-container MuiGrid-item MuiGrid-justify-xs-center MuiGrid-grid-xs-12 MuiGrid-grid-md-5"
      >
        <div
          class="MuiGrid-root MuiGrid-item"
        >
          <div
            class="makeStyles-containerImg-2"
          >
            <img
              alt="Logo"
              class="makeStyles-img-3"
              src="workspace.png"
            />
          </div>
          <p
            class="MuiTypography-root makeStyles-title-4 MuiTypography-body2 MuiTypography-colorTextSecondary MuiTypography-alignCenter"
          >
            Bienvenido
          </p>
          <p
            class="MuiTypography-root MuiTypography-body1 MuiTypography-colorTextSecondary MuiTypography-alignCenter"
          >
            Ingresa para poder ver tus puestos de trabajo
          </p>
        </div>
        <div
          class="MuiGrid-root MuiGrid-item MuiGrid-grid-xs-12 MuiGrid-grid-md-8"
        >
          <div
            class="MuiFormControl-root MuiTextField-root makeStyles-input-5 MuiFormControl-fullWidth"
          >
            <label
              class="MuiFormLabel-root MuiInputLabel-root MuiInputLabel-formControl MuiInputLabel-animated MuiInputLabel-outlined"
              data-shrink="false"
              for="outlined-basic"
              id="outlined-basic-label"
            >
              User
            </label>
            <div
              class="MuiInputBase-root MuiOutlinedInput-root MuiInputBase-fullWidth MuiInputBase-formControl"
            >
              <input
                aria-invalid="false"
                autocomplete="off"
                class="MuiInputBase-input MuiOutlinedInput-input"
                data-testid="input-username"
                id="outlined-basic"
                type="text"
                value=""
              />
              <fieldset
                aria-hidden="true"
                class="PrivateNotchedOutline-root-8 MuiOutlinedInput-notchedOutline"
              >
                <legend
                  class="PrivateNotchedOutline-legendLabelled-10"
                >
                  <span>
                    User
                  </span>
                </legend>
              </fieldset>
            </div>
          </div>
          <div
            class="MuiFormControl-root MuiTextField-root makeStyles-inputPass-6 MuiFormControl-fullWidth"
          >
            <label
              class="MuiFormLabel-root MuiInputLabel-root MuiInputLabel-formControl MuiInputLabel-animated MuiInputLabel-outlined"
              data-shrink="false"
            >
              Password
            </label>
            <div
              class="MuiInputBase-root MuiOutlinedInput-root MuiInputBase-fullWidth MuiInputBase-formControl"
            >
              <input
                aria-invalid="false"
                autocomplete="off"
                class="MuiInputBase-input MuiOutlinedInput-input"
                data-testid="password-username"
                type="password"
                value=""
              />
              <fieldset
                aria-hidden="true"
                class="PrivateNotchedOutline-root-8 MuiOutlinedInput-notchedOutline"
              >
                <legend
                  class="PrivateNotchedOutline-legendLabelled-10"
                >
                  <span>
                    Password
                  </span>
                </legend>
              </fieldset>
            </div>
          </div>
          <button
            class="MuiButtonBase-root MuiButton-root MuiButton-contained makeStyles-button-7 MuiButton-containedPrimary MuiButton-fullWidth"
            data-testid="continue"
            tabindex="0"
            type="button"
          >
            <span
              class="MuiButton-label"
            >
              Continue
            </span>
            <span
              class="MuiTouchRipple-root"
            />
          </button>
        </div>
      </div>
    </div>
  </div>
</div>
`;
