// Jest Snapshot v1, https://goo.gl/fbAQLP

exports[`ReserveWorkspace test should match with snapshot 1`] = `
<div>
  <div>
    <div
      class="MuiGrid-root MuiGrid-container MuiGrid-spacing-xs-1"
    >
      <div
        class="MuiGrid-root MuiGrid-item MuiGrid-grid-xs-12 MuiGrid-grid-md-6"
      >
        <h5
          class="MuiTypography-root makeStyles-title-1 MuiTypography-h5"
        >
          Reservar puesto
        </h5>
        <p
          class="MuiTypography-root MuiTypography-body1"
        >
          Ingrese los datos y realice la busqueda
        </p>
        <form
          autocomplete="off"
          class="makeStyles-root-3"
        >
          <div
            class="MuiFormControl-root MuiTextField-root"
          >
            <label
              class="MuiFormLabel-root MuiInputLabel-root MuiInputLabel-formControl MuiInputLabel-animated MuiInputLabel-shrink MuiInputLabel-outlined MuiFormLabel-filled"
              data-shrink="true"
              for="outlined-read-only-input"
              id="outlined-read-only-input-label"
            >
              Edificio
            </label>
            <div
              class="MuiInputBase-root MuiOutlinedInput-root MuiInputBase-formControl"
            >
              <input
                aria-invalid="false"
                class="MuiInputBase-input MuiOutlinedInput-input"
                id="outlined-read-only-input"
                readonly=""
                type="text"
                value="Torre Central 2"
              />
              <fieldset
                aria-hidden="true"
                class="PrivateNotchedOutline-root-7 MuiOutlinedInput-notchedOutline"
              >
                <legend
                  class="PrivateNotchedOutline-legendLabelled-9 PrivateNotchedOutline-legendNotched-10"
                >
                  <span>
                    Edificio
                  </span>
                </legend>
              </fieldset>
            </div>
          </div>
          <div
            class="MuiFormControl-root makeStyles-formControl-4"
            data-testid="floorForm"
          >
            <label
              class="MuiFormLabel-root MuiInputLabel-root MuiInputLabel-formControl MuiInputLabel-animated MuiInputLabel-outlined"
              data-shrink="false"
              id="demo-simple-select-outlined-label"
            >
              Piso
            </label>
            <div
              class="MuiInputBase-root MuiOutlinedInput-root MuiInputBase-formControl"
            >
              <div
                aria-haspopup="listbox"
                aria-labelledby="demo-simple-select-outlined-label demo-simple-select-outlined"
                class="MuiSelect-root MuiSelect-select MuiSelect-selectMenu MuiSelect-outlined MuiInputBase-input MuiOutlinedInput-input"
                id="demo-simple-select-outlined"
                role="button"
                tabindex="0"
              >
                <span>
                  ​
                </span>
              </div>
              <input
                aria-hidden="true"
                class="MuiSelect-nativeInput"
                tabindex="-1"
                value=""
              />
              <svg
                aria-hidden="true"
                class="MuiSvgIcon-root MuiSelect-icon MuiSelect-iconOutlined"
                focusable="false"
                viewBox="0 0 24 24"
              >
                <path
                  d="M7 10l5 5 5-5z"
                />
              </svg>
              <fieldset
                aria-hidden="true"
                class="PrivateNotchedOutline-root-7 MuiOutlinedInput-notchedOutline"
              >
                <legend
                  class="PrivateNotchedOutline-legendLabelled-9"
                >
                  <span>
                    Piso
                  </span>
                </legend>
              </fieldset>
            </div>
          </div>
          <div
            class="MuiFormControl-root makeStyles-formControl-4"
            data-testid="sectionForm"
          >
            <label
              class="MuiFormLabel-root MuiInputLabel-root MuiInputLabel-formControl MuiInputLabel-animated MuiInputLabel-outlined"
              data-shrink="false"
              id="demo-simple-select-outlined-label"
            >
              Sección
            </label>
            <div
              class="MuiInputBase-root MuiOutlinedInput-root MuiInputBase-formControl"
            >
              <div
                aria-haspopup="listbox"
                aria-labelledby="demo-simple-select-outlined-label demo-simple-select-outlined"
                class="MuiSelect-root MuiSelect-select MuiSelect-selectMenu MuiSelect-outlined MuiInputBase-input MuiOutlinedInput-input"
                id="demo-simple-select-outlined"
                role="button"
                tabindex="0"
              >
                <span>
                  ​
                </span>
              </div>
              <input
                aria-hidden="true"
                class="MuiSelect-nativeInput"
                tabindex="-1"
                value=""
              />
              <svg
                aria-hidden="true"
                class="MuiSvgIcon-root MuiSelect-icon MuiSelect-iconOutlined"
                focusable="false"
                viewBox="0 0 24 24"
              >
                <path
                  d="M7 10l5 5 5-5z"
                />
              </svg>
              <fieldset
                aria-hidden="true"
                class="PrivateNotchedOutline-root-7 MuiOutlinedInput-notchedOutline"
              >
                <legend
                  class="PrivateNotchedOutline-legendLabelled-9"
                >
                  <span>
                    Sección
                  </span>
                </legend>
              </fieldset>
            </div>
          </div>
          <div
            class="makeStyles-boxDate-5"
          >
            <div
              class="MuiFormControl-root MuiTextField-root"
              data-testid="dateSelector"
              format="dd/MM/yyyy"
              style="margin-left: 13px;"
            >
              <label
                class="MuiFormLabel-root MuiInputLabel-root MuiInputLabel-formControl MuiInputLabel-animated MuiInputLabel-shrink MuiFormLabel-filled"
                data-shrink="true"
              >
                Fecha
              </label>
              <div
                class="MuiInputBase-root MuiInput-root MuiInput-underline MuiInputBase-formControl MuiInput-formControl"
              >
                <input
                  aria-invalid="false"
                  class="MuiInputBase-input MuiInput-input"
                  readonly=""
                  type="text"
                  value="17/09/2021"
                />
              </div>
              
            </div>
            <div
              class="MuiFormControl-root MuiTextField-root"
              data-testid="inHour"
              format="HH:mm"
            >
              <label
                class="MuiFormLabel-root MuiInputLabel-root MuiInputLabel-formControl MuiInputLabel-animated MuiInputLabel-shrink MuiFormLabel-filled"
                data-shrink="true"
              >
                Hora inicio
              </label>
              <div
                class="MuiInputBase-root MuiInput-root MuiInput-underline MuiInputBase-formControl MuiInput-formControl"
              >
                <input
                  aria-invalid="false"
                  class="MuiInputBase-input MuiInput-input"
                  readonly=""
                  type="text"
                  value="07:00"
                />
              </div>
              
            </div>
            <div
              class="MuiFormControl-root MuiTextField-root"
              data-testid="endHour"
              format="HH:mm"
            >
              <label
                class="MuiFormLabel-root MuiInputLabel-root MuiInputLabel-formControl MuiInputLabel-animated MuiInputLabel-shrink MuiFormLabel-filled"
                data-shrink="true"
              >
                Hora fin
              </label>
              <div
                class="MuiInputBase-root MuiInput-root MuiInput-underline MuiInputBase-formControl MuiInput-formControl"
              >
                <input
                  aria-invalid="false"
                  class="MuiInputBase-input MuiInput-input"
                  readonly=""
                  type="text"
                  value="17:00"
                />
              </div>
              
            </div>
          </div>
          <button
            class="MuiButtonBase-root MuiButton-root MuiButton-text makeStyles-btnSearch-6"
            data-testid="searchW"
            tabindex="0"
            type="button"
          >
            <span
              class="MuiButton-label"
            >
              Buscar Puestos
            </span>
            <span
              class="MuiTouchRipple-root"
            />
          </button>
        </form>
      </div>
      <div
        class="MuiGrid-root MuiGrid-item MuiGrid-grid-xs-12 MuiGrid-grid-md-6"
      >
        <h5
          class="MuiTypography-root makeStyles-title-1 MuiTypography-h5"
        >
          Buscar Puestos
        </h5>
        <h5
          class="MuiTypography-root MuiTypography-h5"
        >
          Cargando...
        </h5>
      </div>
    </div>
    <div />
  </div>
</div>
`;
