// Jest Snapshot v1, https://goo.gl/fbAQLP

exports[`FormSearch test should match with snapshot 1`] = `
<div>
  <form
    autocomplete="off"
    class="makeStyles-root-2"
  >
    <div
      class="MuiFormControl-root MuiTextField-root"
    >
      <label
        class="MuiFormLabel-root MuiInputLabel-root MuiInputLabel-formControl MuiInputLabel-animated MuiInputLabel-shrink MuiInputLabel-outlined MuiFormLabel-filled"
        data-shrink="true"
        for="outlined-read-only-input"
        id="outlined-read-only-input-label"
      >
        Edificio
      </label>
      <div
        class="MuiInputBase-root MuiOutlinedInput-root MuiInputBase-formControl"
      >
        <input
          aria-invalid="false"
          class="MuiInputBase-input MuiOutlinedInput-input"
          id="outlined-read-only-input"
          readonly=""
          type="text"
          value="Torre Central 2"
        />
        <fieldset
          aria-hidden="true"
          class="PrivateNotchedOutline-root-6 MuiOutlinedInput-notchedOutline"
        >
          <legend
            class="PrivateNotchedOutline-legendLabelled-8 PrivateNotchedOutline-legendNotched-9"
          >
            <span>
              Edificio
            </span>
          </legend>
        </fieldset>
      </div>
    </div>
    <div
      class="MuiFormControl-root makeStyles-formControl-3"
    >
      <label
        class="MuiFormLabel-root MuiInputLabel-root MuiInputLabel-formControl MuiInputLabel-animated MuiInputLabel-shrink MuiInputLabel-outlined MuiFormLabel-filled"
        data-shrink="true"
        id="demo-simple-select-outlined-label"
      >
        Piso
      </label>
      <div
        class="MuiInputBase-root MuiOutlinedInput-root MuiInputBase-formControl"
      >
        <div
          aria-haspopup="listbox"
          aria-labelledby="demo-simple-select-outlined-label demo-simple-select-outlined"
          class="MuiSelect-root MuiSelect-select MuiSelect-selectMenu MuiSelect-outlined MuiInputBase-input MuiOutlinedInput-input"
          id="demo-simple-select-outlined"
          role="button"
          tabindex="0"
        >
          <span>
            ​
          </span>
        </div>
        <input
          aria-hidden="true"
          class="MuiSelect-nativeInput"
          tabindex="-1"
          value="1"
        />
        <svg
          aria-hidden="true"
          class="MuiSvgIcon-root MuiSelect-icon MuiSelect-iconOutlined"
          focusable="false"
          viewBox="0 0 24 24"
        >
          <path
            d="M7 10l5 5 5-5z"
          />
        </svg>
        <fieldset
          aria-hidden="true"
          class="PrivateNotchedOutline-root-6 MuiOutlinedInput-notchedOutline"
        >
          <legend
            class="PrivateNotchedOutline-legendLabelled-8 PrivateNotchedOutline-legendNotched-9"
          >
            <span>
              Piso
            </span>
          </legend>
        </fieldset>
      </div>
    </div>
    <div
      class="MuiFormControl-root makeStyles-formControl-3"
    >
      <label
        class="MuiFormLabel-root MuiInputLabel-root MuiInputLabel-formControl MuiInputLabel-animated MuiInputLabel-shrink MuiInputLabel-outlined MuiFormLabel-filled"
        data-shrink="true"
        id="demo-simple-select-outlined-label"
      >
        Sección
      </label>
      <div
        class="MuiInputBase-root MuiOutlinedInput-root MuiInputBase-formControl"
      >
        <div
          aria-haspopup="listbox"
          aria-labelledby="demo-simple-select-outlined-label demo-simple-select-outlined"
          class="MuiSelect-root MuiSelect-select MuiSelect-selectMenu MuiSelect-outlined MuiInputBase-input MuiOutlinedInput-input"
          id="demo-simple-select-outlined"
          role="button"
          tabindex="0"
        >
          <span>
            ​
          </span>
        </div>
        <input
          aria-hidden="true"
          class="MuiSelect-nativeInput"
          tabindex="-1"
          value="1"
        />
        <svg
          aria-hidden="true"
          class="MuiSvgIcon-root MuiSelect-icon MuiSelect-iconOutlined"
          focusable="false"
          viewBox="0 0 24 24"
        >
          <path
            d="M7 10l5 5 5-5z"
          />
        </svg>
        <fieldset
          aria-hidden="true"
          class="PrivateNotchedOutline-root-6 MuiOutlinedInput-notchedOutline"
        >
          <legend
            class="PrivateNotchedOutline-legendLabelled-8 PrivateNotchedOutline-legendNotched-9"
          >
            <span>
              Sección
            </span>
          </legend>
        </fieldset>
      </div>
    </div>
    <div
      class="makeStyles-boxDate-4"
    >
      <div
        class="MuiFormControl-root MuiTextField-root"
        format="dd/MM/yyyy"
        style="margin-left: 13px;"
      >
        <label
          class="MuiFormLabel-root MuiInputLabel-root MuiInputLabel-formControl MuiInputLabel-animated MuiInputLabel-shrink MuiFormLabel-filled"
          data-shrink="true"
        >
          Fecha
        </label>
        <div
          class="MuiInputBase-root MuiInput-root MuiInput-underline MuiInputBase-formControl MuiInput-formControl"
        >
          <input
            aria-invalid="false"
            class="MuiInputBase-input MuiInput-input"
            readonly=""
            type="text"
            value="14/09/2021"
          />
        </div>
        
      </div>
      <div
        class="MuiFormControl-root MuiTextField-root"
        format="hh:mm a"
      >
        <label
          class="MuiFormLabel-root MuiInputLabel-root MuiInputLabel-formControl MuiInputLabel-animated MuiInputLabel-shrink MuiFormLabel-filled"
          data-shrink="true"
        >
          Hora inicio
        </label>
        <div
          class="MuiInputBase-root MuiInput-root MuiInput-underline MuiInputBase-formControl MuiInput-formControl"
        >
          <input
            aria-invalid="false"
            class="MuiInputBase-input MuiInput-input"
            readonly=""
            type="text"
            value="07:00 AM"
          />
        </div>
        
      </div>
      <div
        class="MuiFormControl-root MuiTextField-root"
        format="hh:mm a"
      >
        <label
          class="MuiFormLabel-root MuiInputLabel-root MuiInputLabel-formControl MuiInputLabel-animated MuiInputLabel-shrink MuiFormLabel-filled"
          data-shrink="true"
        >
          Hora fin
        </label>
        <div
          class="MuiInputBase-root MuiInput-root MuiInput-underline MuiInputBase-formControl MuiInput-formControl"
        >
          <input
            aria-invalid="false"
            class="MuiInputBase-input MuiInput-input"
            readonly=""
            type="text"
            value="07:00 PM"
          />
        </div>
        
      </div>
    </div>
    <button
      class="MuiButtonBase-root MuiButton-root MuiButton-text makeStyles-btnSearch-5"
      tabindex="0"
      type="button"
    >
      <span
        class="MuiButton-label"
      >
        Buscar Puestos
      </span>
      <span
        class="MuiTouchRipple-root"
      />
    </button>
  </form>
</div>
`;
